[www.astrospiritrc.com/index.html]
[backblue.gif]
[fade.gif]
[index.html]
[www.astrospiritrc.com/wp-content/plugins/pirate-forms/css/fronte100.css]
[www.astrospiritrc.com/wp-content/plugins/sitemap/css/page-listd7b7.css]
[www.astrospiritrc.com/wp-content/plugins/svg-vector-icon-plugin/admin/css/wordpress-svg-icon-plugin-style.mine100.css]
[www.astrospiritrc.com/wp-content/plugins/popups/public/assets/css/public8de3.css]
[www.astrospiritrc.com/wp-content/themes/zerif-lite/css/bootstrape100.css]
[www.astrospiritrc.com/page/2/index.html]
[www.astrospiritrc.com/feed/index.html]
[www.astrospiritrc.com/wp-content/themes/zerif-lite/css/font-awesome.mind3b3.css]
[www.astrospiritrc.com/wp-content/themes/zerif-lite/styled3b3.css]
[www.astrospiritrc.com/wp-content/themes/zerif-lite/css/responsived3b3.css]
[www.astrospiritrc.com/comments/feed/index.html]
[www.astrospiritrc.com/wp-includes/js/jquery/jquery-migrate.min330a.js]
[www.astrospiritrc.com/wp-content/plugins/dropdown-menu-widget/scripts/includee100.js]
[www.astrospiritrc.com/wp-content/plugins/pirate-forms/js/scripts-generale100.js]
[www.astrospiritrc.com/wp-content/plugins/top-bar/js/jquery.cookiee100.js]
[www.astrospiritrc.com/wp-content/plugins/top-bar/js/tpbr_front.mine100.js]
[www.astrospiritrc.com/wp-includes/js/jquery/jqueryb8ff.js]
[www.astrospiritrc.com/xmlrpc0db0.php]
[www.astrospiritrc.com/wp-content/plugins/dropdown-menu-widget/css/shailan-dropdown.min.css]
[www.astrospiritrc.com/wp-includes/wlwmanifest.xml]
[www.astrospiritrc.com/wp-content/plugins/dropdown-menu-widget/themes/web20.css]
[www.astrospiritrc.com/wp-content/uploads/2016/07/cropped-fevicon-32x32.jpg]
[www.astrospiritrc.com/wp-content/uploads/2016/07/cropped-fevicon-180x180.jpg]
[www.astrospiritrc.com/wp-content/uploads/2016/07/cropped-fevicon-192x192.jpg]
[www.astrospiritrc.com/wp-json/index.html]
[www.astrospiritrc.com/wp-content/uploads/2016/07/astrology1_logo_mini.png]
[www.astrospiritrc.com/diwali-lakshmi-poojan/index.html]
[www.astrospiritrc.com/wp-content/uploads/2016/07/course.png]
[www.astrospiritrc.com/courses/index.html]
[www.astrospiritrc.com/wp-content/uploads/2016/07/se.png]
[www.astrospiritrc.com/services/index.html]
[www.astrospiritrc.com/wp-content/uploads/2016/07/blogIcon.png]
[www.astrospiritrc.com/wp-content/uploads/2016/07/astro2.jpg]
[www.astrospiritrc.com/category/thought-of-the-day/index.html]
[www.astrospiritrc.com/category/horoscope/index.html]
[www.astrospiritrc.com/wp-content/uploads/2016/10/WhatsApp-Image-2016-10-22-at-10.43.52-PM-250x250.jpg]
[www.astrospiritrc.com/category/festival/index.html]
[www.astrospiritrc.com/wp-content/uploads/2016/10/icecream-250x250.png]
[www.astrospiritrc.com/contact-us/index.html]
[www.astrospiritrc.com/wp-content/uploads/2016/09/Ganesh-Chathurthi-2014-250x250.jpg]
[www.astrospiritrc.com/importance-of-karvachauth/index.html]
[www.astrospiritrc.com/wp-content/uploads/2016/08/Smiling-Sunday-250x250.jpg]
[www.astrospiritrc.com/karvachauth-special/index.html]
[www.astrospiritrc.com/wp-content/uploads/2016/08/Spiritual-Saturday-250x250.jpg]
[www.astrospiritrc.com/ganesh-chaturthi/index.html]
[www.astrospiritrc.com/wp-content/uploads/2016/08/friday-250x250.jpg]
[www.astrospiritrc.com/thought-of-the-day-4/index.html]
[www.astrospiritrc.com/wp-content/uploads/2016/08/thrusday-250x250.jpg]
[www.astrospiritrc.com/thought-of-the-day-3/index.html]
[www.astrospiritrc.com/wp-content/uploads/2016/08/wednesday-250x250.jpg]
[www.astrospiritrc.com/wp-content/uploads/2016/08/tuesday-250x250.jpg]
[www.astrospiritrc.com/thought-of-the-day-2/index.html]
[connect.facebook.net/en_GB/sdk.js]
[www.astrospiritrc.com/thought-of-the-day/index.html]
[www.astrospiritrc.com/thought-of-the-day24aug16/index.html]
[www.astrospiritrc.com/wp-content/uploads/2016/12/WhatsApp-Image-2016-12-21-at-11.32.41-PM.jpg]
[www.astrospiritrc.com/wp-content/uploads/2016/07/map-pointer.png]
[www.astrospiritrc.com/wp-content/uploads/2016/07/E-Mail-Icon.png]
[www.astrospiritrc.com/thought-of-the-day23aug16/index.html]
[www.astrospiritrc.com/wp-content/uploads/2016/07/wa-icon.png]
[www.google-analytics.com/analytics.js]
[www.astrospiritrc.com/wp-content/plugins/addthis/css/outpute100.css]
[www.astrospiritrc.com/wp-includes/js/hoverIntent.minc245.js]
[www.astrospiritrc.com/wp-content/plugins/popups/public/assets/js/min/public-min8de3.js]
[www.astrospiritrc.com/wp-content/themes/zerif-lite/js/bootstrap.min11a8.js]
[www.astrospiritrc.com/wp-content/themes/zerif-lite/js/smoothscroll11a8.js]
[www.astrospiritrc.com/wp-content/themes/zerif-lite/js/jquery.knob11a8.js]
[www.astrospiritrc.com/wp-content/themes/zerif-lite/js/scrollReveal11a8.js]
[www.astrospiritrc.com/wp-content/themes/zerif-lite/js/parallaxd3b3.js]
[www.astrospiritrc.com/wp-content/themes/zerif-lite/js/zerif11a8.js]
[www.astrospiritrc.com/wp-includes/js/wp-embed.mine100.js]
[www.astrospiritrc.com/index.html]
[www.astrospiritrc.com/xmlrpc.php]
[www.astrospiritrc.com/page/2/index.html]
[www.astrospiritrc.com/wp-content/plugins/pirate-forms/css/fronte100.css]
[www.astrospiritrc.com/wp-content/plugins/sitemap/css/page-listd7b7.css]
[www.astrospiritrc.com/wp-content/uploads/2016/08/2_edited-2.gif]
[www.astrospiritrc.com/wp-content/plugins/svg-vector-icon-plugin/admin/css/icon-font/wp-svg-plugin-icon-set1.eot]
[www.astrospiritrc.com/wp-content/plugins/svg-vector-icon-plugin/admin/css/icon-font/wp-svg-plugin-icon-set1.woff]
[www.astrospiritrc.com/page/3/index.html]
[s7.addthis.com/js/300/addthis_widget.js]
[www.astrospiritrc.com/wp-content/plugins/svg-vector-icon-plugin/admin/css/icon-font/wp-svg-plugin-icon-set1d41d.eot]
[www.astrospiritrc.com/wp-content/plugins/svg-vector-icon-plugin/admin/css/icon-font/wp-svg-plugin-icon-set1.ttf]
[www.astrospiritrc.com/wp-content/plugins/svg-vector-icon-plugin/admin/images/download-icon-small.png]
[www.astrospiritrc.com/wp-content/plugins/svg-vector-icon-plugin/admin/css/wordpress-svg-icon-plugin-style.mine100.css]
[www.astrospiritrc.com/wp-content/plugins/popups/public/assets/fonts/spufontb6c9.eot]
[www.astrospiritrc.com/wp-content/plugins/popups/public/assets/fonts/spufontd41d.eot]
[www.astrospiritrc.com/wp-content/plugins/popups/public/assets/fonts/spufontb6c9.woff]
[www.astrospiritrc.com/wp-content/plugins/popups/public/assets/fonts/spufontb6c9.ttf]
[www.astrospiritrc.com/wp-content/plugins/popups/public/assets/css/public8de3.css]
[www.astrospiritrc.com/wp-content/themes/zerif-lite/css/bootstrape100.css]
[www.astrospiritrc.com/wp-content/themes/zerif-lite/fonts/fontawesome-webfont78ce.eot]
[www.astrospiritrc.com/wp-content/themes/zerif-lite/fonts/fontawesome-webfontd41d.eot]
[www.astrospiritrc.com/wp-content/themes/zerif-lite/fonts/fontawesome-webfont78ce.woff]
[www.astrospiritrc.com/wp-content/themes/zerif-lite/css/font-awesome.mind3b3.css]
[www.astrospiritrc.com/wp-content/themes/zerif-lite/images/search_icon.png]
[www.astrospiritrc.com/wp-content/themes/zerif-lite/images/left-arrow.png]
[www.astrospiritrc.com/wp-content/themes/zerif-lite/images/loading.gif]
[www.astrospiritrc.com/wp-content/themes/zerif-lite/images/right-arrow.png]
[www.astrospiritrc.com/wp-content/themes/zerif-lite/images/lines.png]
[www.astrospiritrc.com/wp-content/themes/zerif-lite/fonts/fontawesome-webfont78ce.ttf]
[www.astrospiritrc.com/wp-content/themes/zerif-lite/images/lines-dark.png]
[www.astrospiritrc.com/wp-content/themes/zerif-lite/images/woostars.png]
[www.astrospiritrc.com/wp-content/themes/zerif-lite/images/menu-icon.png]
[www.astrospiritrc.com/wp-content/themes/zerif-lite/styled3b3.css]
[www.astrospiritrc.com/wp-content/themes/zerif-lite/css/responsived3b3.css]
[www.astrospiritrc.com/wp-content/plugins/dropdown-menu-widget/css/shailan-dropdown.min.css]
[www.astrospiritrc.com/wp-content/plugins/dropdown-menu-widget/themes/web20.css]
[www.astrospiritrc.com/diwali-lakshmi-poojan/feed/index.html]
[www.astrospiritrc.com/wp-json/oembed/1.0/embed0387.json]
[www.astrospiritrc.com/index6ade.html]
[www.astrospiritrc.com/wp-json/oembed/1.0/embed44df]
[www.astrospiritrc.com/diwali-lakshmi-poojan/index.html]
[www.astrospiritrc.com/wp-includes/js/comment-reply.mine100.js]
[www.astrospiritrc.com/author/shalini/index.html]
[www.astrospiritrc.com/category/uncategorized/index.html]
[www.astrospiritrc.com/2016/10/index.html]
[www.astrospiritrc.com/2016/09/index.html]
[www.astrospiritrc.com/wp-content/uploads/2016/07/1.jpg]
[www.astrospiritrc.com/wp-content/uploads/2016/10/WhatsApp-Image-2016-10-22-at-10.43.52-PM.jpg]
[www.astrospiritrc.com/2016/08/index.html]
[www.astrospiritrc.com/2016/07/index.html]
[www.astrospiritrc.com/wp-content/uploads/2016/07/astro-1.jpg]
[www.astrospiritrc.com/wp-content/uploads/2016/07/tarot2.jpg]
[www.astrospiritrc.com/wp-content/uploads/2016/07/kp.jpg]
[www.astrospiritrc.com/wp-content/uploads/2016/07/healing-meditation.jpg]
[www.astrospiritrc.com/wp-json/oembed/1.0/embeda405.json]
[www.astrospiritrc.com/index0b69.html]
[www.astrospiritrc.com/wp-json/oembed/1.0/embedd6b6]
[www.astrospiritrc.com/courses/index.html]
[www.astrospiritrc.com/wp-content/uploads/2016/07/business-300x169.jpg]
[www.astrospiritrc.com/wp-content/uploads/2016/07/health-at-work-300x120.jpg]
[www.astrospiritrc.com/wp-content/uploads/2016/07/profession-300x197.jpg]
[www.astrospiritrc.com/wp-content/uploads/2016/07/marriage.jpg]
[www.astrospiritrc.com/wp-json/oembed/1.0/embed39e3.json]
[www.astrospiritrc.com/indexc4f7.html]
[www.astrospiritrc.com/services/index.html]
[www.astrospiritrc.com/wp-json/oembed/1.0/embeddcf5]
[www.astrospiritrc.com/wp-content/uploads/2016/08/To-live-a-creative-life-we-must-lose-our-fear-of-being-wrong.-250x250.jpg]
[www.astrospiritrc.com/category/thought-of-the-day/page/2/index.html]
[www.astrospiritrc.com/category/thought-of-the-day/feed/index.html]
[www.astrospiritrc.com/wp-content/uploads/2016/08/Forgiving-Friday-250x250.jpg]
[www.astrospiritrc.com/thought-day22aug16/index.html]
[www.astrospiritrc.com/wp-content/uploads/2016/08/When-I-let-go-of-what-I-am-I-become-what-I-might-be-250x250.jpg]
[www.astrospiritrc.com/wp-content/uploads/2016/08/Give-thanks-for-a-little-and-you-will-find-a-lot.-1-250x250.jpg]
[www.astrospiritrc.com/category/thought-of-the-day/index.html]
[www.astrospiritrc.com/forgiving-friday/index.html]
[www.astrospiritrc.com/category/blog/index.html]
[www.astrospiritrc.com/thought-of-the-day17aug16/index.html]
[www.astrospiritrc.com/wp-content/uploads/2016/07/astrology-2-250x250.jpg]
[www.astrospiritrc.com/thought-of-the-day16aug16/index.html]
[www.astrospiritrc.com/category/horoscope/feed/index.html]
[www.astrospiritrc.com/wp-content/uploads/2016/07/1-250x250.jpg]
[www.astrospiritrc.com/daily-horoscope-15-august-2016/index.html]
[www.astrospiritrc.com/category/horoscope/index.html]
[www.astrospiritrc.com/wp-content/uploads/2016/08/14022237_1752756575013396_9026394012308017052_n-250x250.jpg]
[www.astrospiritrc.com/daily-horoscope/index.html]
[www.astrospiritrc.com/category/festival/feed/index.html]
[www.astrospiritrc.com/wp-content/uploads/2016/08/Raksha-Bandhan-e1471436335314-250x250.jpg]
[www.astrospiritrc.com/raksha-bandhan-subh-muhurat/index.html]
[www.astrospiritrc.com/wp-content/uploads/2016/08/INDEPENDENCE-DAY-SPECIAL-1-250x250.jpg]
[www.astrospiritrc.com/happy-raksha-bandhan/index.html]
[www.astrospiritrc.com/category/festival/index.html]
[www.astrospiritrc.com/independence-day-special/index.html]
[www.astrospiritrc.com/wp-content/uploads/2016/07/a-2-300x300.jpg]
[www.astrospiritrc.com/wp-json/oembed/1.0/embedc0ec.json]
[www.astrospiritrc.com/index6452.html]
[www.astrospiritrc.com/contact-us/index.html]
[www.astrospiritrc.com/wp-json/oembed/1.0/embed95be]
[www.astrospiritrc.com/wp-content/uploads/2016/10/icecream.png]
[www.astrospiritrc.com/wp-json/oembed/1.0/embed3652.json]
[www.astrospiritrc.com/importance-of-karvachauth/feed/index.html]
[www.astrospiritrc.com/index55df.html]
[www.astrospiritrc.com/importance-of-karvachauth/index.html]
[www.astrospiritrc.com/wp-json/oembed/1.0/embed45ff]
[www.astrospiritrc.com/wp-json/oembed/1.0/embeda648.json]
[www.astrospiritrc.com/karvachauth-special/feed/index.html]
[www.astrospiritrc.com/index5cd0.html]
[www.astrospiritrc.com/karvachauth-special/index.html]
[www.astrospiritrc.com/wp-json/oembed/1.0/embedb6fc]
[www.astrospiritrc.com/wp-content/uploads/2016/09/Ganesh-Chathurthi-2014.jpg]
[www.astrospiritrc.com/wp-json/oembed/1.0/embed0816.json]
[www.astrospiritrc.com/ganesh-chaturthi/feed/index.html]
[www.astrospiritrc.com/indexe90e.html]
[www.astrospiritrc.com/wp-content/uploads/2016/10/icecream-1024x858.png]
[www.astrospiritrc.com/ganesh-chaturthi/index.html]
[www.astrospiritrc.com/wp-json/oembed/1.0/embed7c81]
[www.astrospiritrc.com/wp-json/oembed/1.0/embed7a05.json]
[www.astrospiritrc.com/thought-of-the-day-4/feed/index.html]
[www.astrospiritrc.com/index4494.html]
[www.astrospiritrc.com/thought-of-the-day-4/index.html]
[www.astrospiritrc.com/wp-json/oembed/1.0/embed5573]
[www.astrospiritrc.com/thought-of-the-day-3/feed/index.html]
[www.astrospiritrc.com/wp-json/oembed/1.0/embed75eb.json]
[www.astrospiritrc.com/index93f8.html]
[www.astrospiritrc.com/wp-json/oembed/1.0/embedb1a5]
[www.astrospiritrc.com/thought-of-the-day-3/index.html]
[www.astrospiritrc.com/wp-content/uploads/2016/08/friday.jpg]
[www.astrospiritrc.com/wp-json/oembed/1.0/embedeff2.json]
[www.astrospiritrc.com/thought-of-the-day-2/feed/index.html]
[www.astrospiritrc.com/wp-json/oembed/1.0/embedd812]
[www.astrospiritrc.com/thought-of-the-day-2/index.html]
[www.astrospiritrc.com/index0acd.html]
[www.astrospiritrc.com/wp-content/uploads/2016/08/Smiling-Sunday.jpg]
[www.astrospiritrc.com/wp-json/oembed/1.0/embed0d86.json]
[www.astrospiritrc.com/thought-of-the-day/feed/index.html]
[www.astrospiritrc.com/wp-json/oembed/1.0/embed991c]
[www.astrospiritrc.com/thought-of-the-day/index.html]
[www.astrospiritrc.com/wp-content/uploads/2016/08/thrusday.jpg]
[www.astrospiritrc.com/indexbdc9.html]
[www.astrospiritrc.com/wp-content/uploads/2016/08/Spiritual-Saturday.jpg]
[www.astrospiritrc.com/wp-json/oembed/1.0/embed042b.json]
[www.astrospiritrc.com/thought-of-the-day24aug16/feed/index.html]
[www.astrospiritrc.com/index53ba.html]
[www.astrospiritrc.com/thought-of-the-day24aug16/index.html]
[www.astrospiritrc.com/wp-json/oembed/1.0/embeda8f1]
[www.astrospiritrc.com/wp-json/oembed/1.0/embed85f0.json]
[www.astrospiritrc.com/thought-of-the-day23aug16/feed/index.html]
[www.astrospiritrc.com/wp-json/oembed/1.0/embedd272]
[www.astrospiritrc.com/thought-of-the-day23aug16/index.html]
[www.astrospiritrc.com/index568a.html]
[www.astrospiritrc.com/ABCDEFGHIJKLMNOPQRSTUVWXYZabcdefghijklmnopqrstuvwxyz0123456789+/index.html]
[www.astrospiritrc.com/wp-content/uploads/2016/08/wednesday.jpg]
[www.astrospiritrc.com/restserver.php]
[connect.facebook.net/en_GB/sdk.js]
[www.astrospiritrc.com/wp-content/plugins/addthis/css/outpute100.css]
[www.astrospiritrc.com/page/3/index.html]
[www.astrospiritrc.com/dialog/index.html]
[www.astrospiritrc.com/wp-content/plugins/svg-vector-icon-plugin/admin/css/icon-font/wp-svg-plugin-icon-set1.svg]
[www.astrospiritrc.com/wp-content/plugins/svg-vector-icon-plugin/admin/images/download-icon-small.html]
[www.astrospiritrc.com/wp-content/plugins/popups/public/assets/fonts/spufontb6c9.svg]
[www.astrospiritrc.com/page/4/index.html]
[www.astrospiritrc.com/wp-content/uploads/2016/08/tuesday.jpg]
[www.astrospiritrc.com/wp-content/themes/zerif-lite/fonts/fontawesome-webfont78ce.svg]
[www.astrospiritrc.com/index6ade.html]
[www.astrospiritrc.com/author/shalini/index.html]
[www.astrospiritrc.com/wp-content/uploads/2016/08/jan5-250x250.png]
[www.astrospiritrc.com/author/shalini/feed/index.html]
[www.astrospiritrc.com/author/shalini/page/2/index.html]
[www.astrospiritrc.com/category/uncategorized/page/2/index.html]
[www.astrospiritrc.com/wp-content/uploads/2016/08/1-1-250x250.jpg]
[www.astrospiritrc.com/wp-content/uploads/2016/08/Gratitude-is-the-fairest-blossom-which-springs-from-the-soul.-So-Be-Thankful_1-250x250.jpg]
[www.astrospiritrc.com/category/uncategorized/feed/index.html]
[www.astrospiritrc.com/wp-content/uploads/2016/08/Gratitude-is-the-fairest-blossom-which-springs-from-the-soul.-So-Be-Thankful_4-250x250.jpg]
[www.astrospiritrc.com/janmashtami-special/index.html]
[www.astrospiritrc.com/tag/hare-krishna/index.html]
[www.astrospiritrc.com/wp-content/uploads/2016/08/Try-to-Make…-Atleast-Two-Persons-Happy-In-a-Day..-But-Make-Sure…One-of-Them-Is-YOURSELF….1-250x250.jpg]
[www.astrospiritrc.com/tag/janmashtami/index.html]
[www.astrospiritrc.com/category/uncategorized/index.html]
[www.astrospiritrc.com/tag/janmastami/index.html]
[www.astrospiritrc.com/tag/krishna/index.html]
[www.astrospiritrc.com/2016/10/index.html]
[www.astrospiritrc.com/thought-of-the-day14aug16/index.html]
[www.astrospiritrc.com/2016/09/index.html]
[www.astrospiritrc.com/2016/08/index.html]
[www.astrospiritrc.com/thought-of-the-day13aug16/index.html]
[www.astrospiritrc.com/thought-of-the-day12aug16/index.html]
[www.astrospiritrc.com/thought-of-the-day11aug16/index.html]
[www.astrospiritrc.com/2016/08/page/2/index.html]
[www.astrospiritrc.com/wp-content/uploads/2016/07/1-m-250x250.png]
[www.astrospiritrc.com/wp-content/uploads/2016/07/vastu-colour.jpg]
[www.astrospiritrc.com/masik-shivaratri/index.html]
[www.astrospiritrc.com/shravan-fast-story-monday/index.html]
[www.astrospiritrc.com/wp-content/uploads/2016/07/7665c5df1ac9d38967dc3ccefde1578c-250x250.jpg]
[www.astrospiritrc.com/wp-content/uploads/2016/07/hanuman-ji-wallpaper-250x250.png]
[www.astrospiritrc.com/2016/07/index.html]
[www.astrospiritrc.com/reason-behind-kanwar-yatra/index.html]
[www.astrospiritrc.com/tuesday-vrat-and-hanuman-ji/index.html]
[www.astrospiritrc.com/index0b69.html]
[www.astrospiritrc.com/indexc4f7.html]
[www.astrospiritrc.com/category/thought-of-the-day/page/2/index.html]
[www.astrospiritrc.com/wp-content/uploads/2016/07/vastu.jpg]
[www.astrospiritrc.com/sawan/index.html]
[www.astrospiritrc.com/wp-content/uploads/2016/08/To-live-a-creative-life-we-must-lose-our-fear-of-being-wrong..jpg]
[www.astrospiritrc.com/wp-json/oembed/1.0/embed564d.json]
[www.astrospiritrc.com/thought-day22aug16/feed/index.html]
[www.astrospiritrc.com/index7033.html]
[www.astrospiritrc.com/thought-day22aug16/index.html]
[www.astrospiritrc.com/wp-json/oembed/1.0/embede220]
[www.astrospiritrc.com/wp-content/uploads/2016/08/Forgiving-Friday.jpg]
[www.astrospiritrc.com/wp-json/oembed/1.0/embed2cc7.json]
[www.astrospiritrc.com/forgiving-friday/feed/index.html]
[www.astrospiritrc.com/wp-json/oembed/1.0/embed5796]
[www.astrospiritrc.com/index63e6.html]
[www.astrospiritrc.com/wp-content/uploads/2016/08/Forgiving-Friday-300x300.jpg]
[www.astrospiritrc.com/forgiving-friday/index.html]
[www.astrospiritrc.com/category/blog/index.html]
[www.astrospiritrc.com/category/blog/feed/index.html]
[www.astrospiritrc.com/wp-content/uploads/2016/08/When-I-let-go-of-what-I-am-I-become-what-I-might-be.jpg]
[www.astrospiritrc.com/wp-json/oembed/1.0/embed86ea.json]
[www.astrospiritrc.com/thought-of-the-day17aug16/feed/index.html]
[www.astrospiritrc.com/indexa1e2.html]
[www.astrospiritrc.com/thought-of-the-day17aug16/index.html]
[www.astrospiritrc.com/wp-json/oembed/1.0/embed93b9]
[www.astrospiritrc.com/wp-content/uploads/2016/08/Give-thanks-for-a-little-and-you-will-find-a-lot.-1.jpg]
[www.astrospiritrc.com/wp-json/oembed/1.0/embedd923.json]
[www.astrospiritrc.com/thought-of-the-day16aug16/feed/index.html]
[www.astrospiritrc.com/index46ad.html]
[www.astrospiritrc.com/wp-json/oembed/1.0/embed77a8]
[www.astrospiritrc.com/wp-content/uploads/2016/08/Give-thanks-for-a-little-and-you-will-find-a-lot.-1-300x300.jpg]
[www.astrospiritrc.com/thought-of-the-day16aug16/index.html]
[www.astrospiritrc.com/wp-content/uploads/2016/07/astrology-2.jpg]
[www.astrospiritrc.com/wp-json/oembed/1.0/embed1f19.json]
[www.astrospiritrc.com/daily-horoscope-15-august-2016/feed/index.html]
[www.astrospiritrc.com/wp-json/oembed/1.0/embed745c]
[www.astrospiritrc.com/daily-horoscope-15-august-2016/index.html]
[www.astrospiritrc.com/index46de.html]
[www.astrospiritrc.com/daily-horoscope/feed/index.html]
[www.astrospiritrc.com/wp-json/oembed/1.0/embed7bd7.json]
[www.astrospiritrc.com/indexcc08.html]
[www.astrospiritrc.com/daily-horoscope/index.html]
[www.astrospiritrc.com/wp-json/oembed/1.0/embed6f86]
[www.astrospiritrc.com/wp-content/uploads/2016/08/14022237_1752756575013396_9026394012308017052_n.jpg]
[www.astrospiritrc.com/wp-json/oembed/1.0/embedce16.json]
[www.astrospiritrc.com/raksha-bandhan-subh-muhurat/feed/index.html]
[www.astrospiritrc.com/index84df.html]
[www.astrospiritrc.com/raksha-bandhan-subh-muhurat/index.html]
[www.astrospiritrc.com/wp-json/oembed/1.0/embed70f8]
[www.astrospiritrc.com/wp-content/uploads/2016/08/Raksha-Bandhan-e1471436335314.jpg]
[www.astrospiritrc.com/wp-json/oembed/1.0/embed2bbc.json]
[www.astrospiritrc.com/happy-raksha-bandhan/feed/index.html]
[www.astrospiritrc.com/indexe7fb.html]
[www.astrospiritrc.com/happy-raksha-bandhan/index.html]
[www.astrospiritrc.com/wp-json/oembed/1.0/embedabf8]
[www.astrospiritrc.com/wp-content/uploads/2016/08/INDEPENDENCE-DAY-SPECIAL-1.jpg]
[www.astrospiritrc.com/wp-json/oembed/1.0/embed4a6d.json]
[www.astrospiritrc.com/index9a9b.html]
[www.astrospiritrc.com/independence-day-special/feed/index.html]
[www.astrospiritrc.com/independence-day-special/index.html]
[www.astrospiritrc.com/index6452.html]
[www.astrospiritrc.com/index55df.html]
[www.astrospiritrc.com/index5cd0.html]
[www.astrospiritrc.com/indexe90e.html]
[www.astrospiritrc.com/index4494.html]
[www.astrospiritrc.com/index93f8.html]
[www.astrospiritrc.com/index0acd.html]
[www.astrospiritrc.com/indexbdc9.html]
[www.astrospiritrc.com/index53ba.html]
[www.astrospiritrc.com/index568a.html]
[www.astrospiritrc.com/ABCDEFGHIJKLMNOPQRSTUVWXYZabcdefghijklmnopqrstuvwxyz0123456789+/index.html]
[www.astrospiritrc.com/restserver.html]
[www.astrospiritrc.com/dialog/index.html]
[www.astrospiritrc.com/%s/profile4d6d.html]
[www.astrospiritrc.com/page/4/index.html]
[www.astrospiritrc.com/author/shalini/page/2/index.html]
[www.astrospiritrc.com/wp-content/uploads/2016/10/icecream.png]
[www.astrospiritrc.com/wp-json/oembed/1.0/embede6a5]
[www.astrospiritrc.com/author/shalini/page/3/index.html]
[www.astrospiritrc.com/wp-content/uploads/2016/08/Try-to-Make…-Atleast-Two-Persons-Happy-In-a-Day..-But-Make-Sure…One-of-Them-Is-YOURSELF….-250x250.jpg]
[www.astrospiritrc.com/thought-of-the-day10aug16/index.html]
[www.astrospiritrc.com/wp-content/uploads/2016/08/np-250x250.jpg]
[www.astrospiritrc.com/category/uncategorized/page/2/index.html]
[www.astrospiritrc.com/nag-panchami/index.html]
[www.astrospiritrc.com/wp-json/oembed/1.0/embed2c12.json]
[www.astrospiritrc.com/janmashtami-special/feed/index.html]
[www.astrospiritrc.com/index2f7a.html]
[www.astrospiritrc.com/wp-json/oembed/1.0/embedd9b6]
[www.astrospiritrc.com/wp-content/uploads/2016/08/Janmashtami-2-1-e1471802633977.jpg]
[www.astrospiritrc.com/janmashtami-special/index.html]
[www.astrospiritrc.com/tag/hare-krishna/index.html]
[www.astrospiritrc.com/tag/janmashtami/index.html]
[www.astrospiritrc.com/tag/janmashtami/feed/index.html]
[www.astrospiritrc.com/tag/hare-krishna/feed/index.html]
[www.astrospiritrc.com/tag/janmastami/index.html]
[www.astrospiritrc.com/tag/krishna/index.html]
[www.astrospiritrc.com/tag/krishna/feed/index.html]
[www.astrospiritrc.com/wp-content/uploads/2016/08/1-1.jpg]
[www.astrospiritrc.com/tag/janmastami/feed/index.html]
[www.astrospiritrc.com/wp-json/oembed/1.0/embeda3cc.json]
[www.astrospiritrc.com/thought-of-the-day14aug16/feed/index.html]
[www.astrospiritrc.com/indexa5f2.html]
[www.astrospiritrc.com/wp-json/oembed/1.0/embed2f65]
[www.astrospiritrc.com/wp-content/uploads/2016/08/1-1-300x300.jpg]
[www.astrospiritrc.com/thought-of-the-day14aug16/index.html]
[www.astrospiritrc.com/wp-content/uploads/2016/08/Gratitude-is-the-fairest-blossom-which-springs-from-the-soul.-So-Be-Thankful_1.jpg]
[www.astrospiritrc.com/wp-json/oembed/1.0/embed7393.json]
[www.astrospiritrc.com/thought-of-the-day13aug16/feed/index.html]
[www.astrospiritrc.com/index9b9e.html]
[www.astrospiritrc.com/wp-json/oembed/1.0/embedae0f]
[www.astrospiritrc.com/wp-content/uploads/2016/08/Gratitude-is-the-fairest-blossom-which-springs-from-the-soul.-So-Be-Thankful_1-300x300.jpg]
[www.astrospiritrc.com/thought-of-the-day13aug16/index.html]
[www.astrospiritrc.com/wp-content/uploads/2016/08/Gratitude-is-the-fairest-blossom-which-springs-from-the-soul.-So-Be-Thankful_4.jpg]
[www.astrospiritrc.com/wp-json/oembed/1.0/embedc433.json]
[www.astrospiritrc.com/thought-of-the-day12aug16/feed/index.html]
[www.astrospiritrc.com/wp-json/oembed/1.0/embed22c5]
[www.astrospiritrc.com/indexda6e.html]
[www.astrospiritrc.com/wp-content/uploads/2016/08/Gratitude-is-the-fairest-blossom-which-springs-from-the-soul.-So-Be-Thankful_4-300x300.jpg]
[www.astrospiritrc.com/thought-of-the-day12aug16/index.html]
[www.astrospiritrc.com/wp-content/uploads/2016/08/Try-to-Make…-Atleast-Two-Persons-Happy-In-a-Day..-But-Make-Sure…One-of-Them-Is-YOURSELF….1.jpg]
[www.astrospiritrc.com/wp-json/oembed/1.0/embedfefa.json]
[www.astrospiritrc.com/thought-of-the-day11aug16/feed/index.html]
[www.astrospiritrc.com/indexa862.html]
[www.astrospiritrc.com/wp-json/oembed/1.0/embedddaa]
[www.astrospiritrc.com/wp-content/uploads/2016/08/Try-to-Make…-Atleast-Two-Persons-Happy-In-a-Day..-But-Make-Sure…One-of-Them-Is-YOURSELF….1-300x300.jpg]
[www.astrospiritrc.com/thought-of-the-day11aug16/index.html]
[www.astrospiritrc.com/2016/08/page/2/index.html]
[www.astrospiritrc.com/2016/08/page/3/index.html]
[www.astrospiritrc.com/wp-content/uploads/2016/07/1-m.png]
[www.astrospiritrc.com/wp-json/oembed/1.0/embedd0be.json]
[www.astrospiritrc.com/indexb284.html]
[www.astrospiritrc.com/wp-json/oembed/1.0/embed8a54]
[www.astrospiritrc.com/wp-content/uploads/2016/07/shivratri-300x220.jpg]
[www.astrospiritrc.com/masik-shivaratri/index.html]
[www.astrospiritrc.com/wp-json/oembed/1.0/embed432b.json]
[www.astrospiritrc.com/shravan-fast-story-monday/feed/index.html]
[www.astrospiritrc.com/indexa853.html]
[www.astrospiritrc.com/wp-json/oembed/1.0/embed6ae2]
[www.astrospiritrc.com/wp-content/uploads/2016/07/Colour.jpg]
[www.astrospiritrc.com/shravan-fast-story-monday/index.html]
[www.astrospiritrc.com/wp-content/uploads/2016/07/7665c5df1ac9d38967dc3ccefde1578c.jpg]
[www.astrospiritrc.com/index45c8.html]
[www.astrospiritrc.com/reason-behind-kanwar-yatra/feed/index.html]
[www.astrospiritrc.com/wp-json/oembed/1.0/embedbddb.json]
[www.astrospiritrc.com/wp-json/oembed/1.0/embed77db]
[www.astrospiritrc.com/wp-content/uploads/2016/07/7665c5df1ac9d38967dc3ccefde1578c-300x300.jpg]
[www.astrospiritrc.com/reason-behind-kanwar-yatra/index.html]
[www.astrospiritrc.com/wp-content/uploads/2016/07/hanuman-ji-wallpaper.png]
[www.astrospiritrc.com/wp-json/oembed/1.0/embedc2e9.json]
[www.astrospiritrc.com/tuesday-vrat-and-hanuman-ji/feed/index.html]
[www.astrospiritrc.com/indexd728.html]
[www.astrospiritrc.com/tuesday-vrat-and-hanuman-ji/index.html]
[www.astrospiritrc.com/wp-json/oembed/1.0/embed45bd]
[www.astrospiritrc.com/wp-json/oembed/1.0/embed1f94.json]
[www.astrospiritrc.com/sawan/feed/index.html]
[www.astrospiritrc.com/index9751.html]
[www.astrospiritrc.com/wp-json/oembed/1.0/embed0ebd]
[www.astrospiritrc.com/wp-content/uploads/2016/07/1-m-300x300.png]
[www.astrospiritrc.com/sawan/index.html]
[www.astrospiritrc.com/index7033.html]
[www.astrospiritrc.com/index63e6.html]
[www.astrospiritrc.com/indexa1e2.html]
[www.astrospiritrc.com/index46ad.html]
[www.astrospiritrc.com/index46de.html]
[www.astrospiritrc.com/indexcc08.html]
[www.astrospiritrc.com/index84df.html]
[www.astrospiritrc.com/indexe7fb.html]
[www.astrospiritrc.com/index9a9b.html]
[www.astrospiritrc.com/author/shalini/page/3/index.html]
[www.astrospiritrc.com/wp-content/uploads/2016/08/Try-to-Make…-Atleast-Two-Persons-Happy-In-a-Day..-But-Make-Sure…One-of-Them-Is-YOURSELF…..jpg]
[www.astrospiritrc.com/author/shalini/page/4/index.html]
[www.astrospiritrc.com/thought-of-the-day10aug16/feed/index.html]
[www.astrospiritrc.com/108-names-of-shiva/index.html]
[www.astrospiritrc.com/wp-json/oembed/1.0/embed49cb.json]
[www.astrospiritrc.com/index0a18.html]
[www.astrospiritrc.com/wp-json/oembed/1.0/embed1f3d]
[www.astrospiritrc.com/thought-of-the-day10aug16/index.html]
[www.astrospiritrc.com/wp-content/uploads/2016/08/Try-to-Make…-Atleast-Two-Persons-Happy-In-a-Day..-But-Make-Sure…One-of-Them-Is-YOURSELF….-300x300.jpg]
[www.astrospiritrc.com/wp-content/uploads/2016/08/np.jpg]
[www.astrospiritrc.com/wp-json/oembed/1.0/embed6110.json]
[www.astrospiritrc.com/index2807.html]
[www.astrospiritrc.com/nag-panchami/feed/index.html]
[www.astrospiritrc.com/wp-json/oembed/1.0/embed6ca3]
[www.astrospiritrc.com/wp-content/uploads/2016/08/np-300x225.jpg]
[www.astrospiritrc.com/nag-panchami/index.html]
[www.astrospiritrc.com/nag-panchami/index6809.html]
[www.astrospiritrc.com/wp-content/uploads/2016/08/jan5.png]
[www.astrospiritrc.com/index2f7a.html]
[www.astrospiritrc.com/indexa5f2.html]
[www.astrospiritrc.com/index9b9e.html]
[www.astrospiritrc.com/indexda6e.html]
[www.astrospiritrc.com/indexa862.html]
[www.astrospiritrc.com/2016/08/page/3/index.html]
[www.astrospiritrc.com/indexb284.html]
[www.astrospiritrc.com/indexa853.html]
[www.astrospiritrc.com/index45c8.html]
[www.astrospiritrc.com/indexd728.html]
[www.astrospiritrc.com/index9751.html]
[www.astrospiritrc.com/wp-content/uploads/2016/07/LORD-SHIVA.png]
[www.astrospiritrc.com/masik-shivaratri/feed/index.html]
[www.astrospiritrc.com/index4720.html]
[www.astrospiritrc.com/wp-json/oembed/1.0/embeda9b6.json]
[www.astrospiritrc.com/108-names-of-shiva/index.html]
[www.astrospiritrc.com/author/shalini/page/4/index.html]
[www.astrospiritrc.com/index0a18.html]
[www.astrospiritrc.com/index2807.html]
[www.astrospiritrc.com/nag-panchami/index6809.html]
[www.astrospiritrc.com/index4720.html]
[www.astrospiritrc.com/wp-json/oembed/1.0/embedf4bd]
